2025-03-02 00:57:25,050 - WARNING - Modello it_core_news_lg non trovato. Installazione in corso...
2025-03-02 01:14:14,806 - INFO - Caricato modello spaCy it_core_news_lg
2025-03-02 01:20:27,869 - INFO - FASE 1: Estrazione location dai libri
2025-03-02 01:20:27,884 - ERROR - Errore nel processare Harry-Plumber-e-l_ordine-della-fenice: [E088] Text of length 1522432 exceeds maximum of 1000000. The parser and NER models require roughly 1GB of temporary memory per 100,000 characters in the input. This means long texts may cause memory allocation errors. If you're not using the parser or NER, it's probably safe to increase the `nlp.max_length` limit. The limit is in number of characters, so you can check whether your inputs are too long by checking `len(text)`.
2025-03-02 01:20:27,896 - ERROR - Errore nel processare Harry-Potter-e-I-doni-della-morte: [E088] Text of length 1154977 exceeds maximum of 1000000. The parser and NER models require roughly 1GB of temporary memory per 100,000 characters in the input. This means long texts may cause memory allocation errors. If you're not using the parser or NER, it's probably safe to increase the `nlp.max_length` limit. The limit is in number of characters, so you can check whether your inputs are too long by checking `len(text)`.
2025-03-02 01:20:27,910 - ERROR - Errore nel processare Harry-Potter-e-il-calice-di-fuoco: [E088] Text of length 1151614 exceeds maximum of 1000000. The parser and NER models require roughly 1GB of temporary memory per 100,000 characters in the input. This means long texts may cause memory allocation errors. If you're not using the parser or NER, it's probably safe to increase the `nlp.max_length` limit. The limit is in number of characters, so you can check whether your inputs are too long by checking `len(text)`.
2025-03-02 01:21:02,724 - INFO - Processato Harry-Potter-e-il-prigioniero-di-Azkaban. Trovate 474 location potenziali.
2025-03-02 01:21:02,735 - ERROR - Errore nel processare Harry-Potter-e-il-principe-mezzosangue: [E088] Text of length 1055953 exceeds maximum of 1000000. The parser and NER models require roughly 1GB of temporary memory per 100,000 characters in the input. This means long texts may cause memory allocation errors. If you're not using the parser or NER, it's probably safe to increase the `nlp.max_length` limit. The limit is in number of characters, so you can check whether your inputs are too long by checking `len(text)`.
2025-03-02 01:21:30,474 - INFO - Processato Harry-Potter-e-la-camera-dei-segreti. Trovate 362 location potenziali.
2025-03-02 01:21:30,504 - ERROR - Errore nel processare Il-signore-degli-anelli-JRR-TOLKIEN: [E088] Text of length 3121071 exceeds maximum of 1000000. The parser and NER models require roughly 1GB of temporary memory per 100,000 characters in the input. This means long texts may cause memory allocation errors. If you're not using the parser or NER, it's probably safe to increase the `nlp.max_length` limit. The limit is in number of characters, so you can check whether your inputs are too long by checking `len(text)`.
2025-03-02 01:22:19,992 - INFO - Processato J.R.R.-TOLKIEN-IL-SILMARILLION. Trovate 905 location potenziali.
2025-03-02 01:22:41,676 - INFO - Processato Messia-Di-Dune. Trovate 238 location potenziali.
2025-03-02 01:22:41,733 - INFO - FASE 2: Pulizia delle location
2025-03-02 01:22:41,737 - INFO - Pulizia: da 1756 a 1044 location
2025-03-02 01:22:41,773 - INFO - FASE 3: Categorizzazione e creazione dataset
2025-03-02 04:23:28,781 - ERROR - Errore nella ricerca Wikipedia per Giunsero: HTTPSConnectionPool(host='it.wikipedia.org', port=443): Max retries exceeded with url: /w/api.php?action=query&format=json&list=search&srsearch=Giunsero+J.R.R.-TOLKIEN-IL-SILMARILLION&srprop=snippet&srlimit=3 (Caused by ConnectTimeoutError(<urllib3.connection.HTTPSConnection object at 0x000001DB3DADB550>, 'Connection to it.wikipedia.org timed out. (connect timeout=None)'))
2025-03-02 04:23:43,275 - ERROR - Errore nella ricerca Wikipedia per Nenning: HTTPSConnectionPool(host='it.wikipedia.org', port=443): Max retries exceeded with url: /w/api.php?action=query&format=json&list=search&srsearch=Nenning+J.R.R.-TOLKIEN-IL-SILMARILLION&srprop=snippet&srlimit=3 (Caused by NewConnectionError('<urllib3.connection.HTTPSConnection object at 0x000001DB3DAD8160>: Failed to establish a new connection: [Errno 11001] getaddrinfo failed'))
2025-03-02 04:23:58,047 - ERROR - Errore nella ricerca Wikipedia per SilmariI: HTTPSConnectionPool(host='it.wikipedia.org', port=443): Max retries exceeded with url: /w/api.php?action=query&format=json&list=search&srsearch=SilmariI+J.R.R.-TOLKIEN-IL-SILMARILLION&srprop=snippet&srlimit=3 (Caused by NewConnectionError('<urllib3.connection.HTTPSConnection object at 0x000001DB3DAD9D50>: Failed to establish a new connection: [Errno 11001] getaddrinfo failed'))
2025-03-02 04:24:12,596 - ERROR - Errore nella ricerca Wikipedia per Pharazón: HTTPSConnectionPool(host='it.wikipedia.org', port=443): Max retries exceeded with url: /w/api.php?action=query&format=json&list=search&srsearch=Pharaz%C3%B3n+J.R.R.-TOLKIEN-IL-SILMARILLION&srprop=snippet&srlimit=3 (Caused by NewConnectionError('<urllib3.connection.HTTPSConnection object at 0x000001DB3DADB5B0>: Failed to establish a new connection: [Errno 11001] getaddrinfo failed'))
2025-03-02 04:24:27,000 - ERROR - Errore nella ricerca Wikipedia per Oriente: HTTPSConnectionPool(host='it.wikipedia.org', port=443): Max retries exceeded with url: /w/api.php?action=query&format=json&list=search&srsearch=Oriente+J.R.R.-TOLKIEN-IL-SILMARILLION&srprop=snippet&srlimit=3 (Caused by NewConnectionError('<urllib3.connection.HTTPSConnection object at 0x000001DB3DAD9C00>: Failed to establish a new connection: [Errno 11001] getaddrinfo failed'))
2025-03-02 04:24:52,473 - ERROR - Errore nella ricerca Wikipedia per Rosso: HTTPSConnectionPool(host='it.wikipedia.org', port=443): Max retries exceeded with url: /w/api.php?action=query&format=json&list=search&srsearch=Rosso+J.R.R.-TOLKIEN-IL-SILMARILLION&srprop=snippet&srlimit=3 (Caused by NewConnectionError('<urllib3.connection.HTTPSConnection object at 0x000001DB3DADB790>: Failed to establish a new connection: [Errno 11001] getaddrinfo failed'))
2025-03-02 04:25:17,944 - ERROR - Errore nella ricerca Wikipedia per Quendi: HTTPSConnectionPool(host='it.wikipedia.org', port=443): Max retries exceeded with url: /w/api.php?action=query&format=json&list=search&srsearch=Quendi+J.R.R.-TOLKIEN-IL-SILMARILLION&srprop=snippet&srlimit=3 (Caused by NewConnectionError('<urllib3.connection.HTTPSConnection object at 0x000001DB3DADB460>: Failed to establish a new connection: [Errno 11001] getaddrinfo failed'))
2025-03-02 04:25:32,273 - ERROR - Errore nella ricerca Wikipedia per Ainur: HTTPSConnectionPool(host='it.wikipedia.org', port=443): Max retries exceeded with url: /w/api.php?action=query&format=json&list=search&srsearch=Ainur+J.R.R.-TOLKIEN-IL-SILMARILLION&srprop=snippet&srlimit=3 (Caused by NewConnectionError('<urllib3.connection.HTTPSConnection object at 0x000001DB3DADB760>: Failed to establish a new connection: [Errno 11001] getaddrinfo failed'))
2025-03-02 04:25:46,627 - ERROR - Errore nella ricerca Wikipedia per Ferro: HTTPSConnectionPool(host='it.wikipedia.org', port=443): Max retries exceeded with url: /w/api.php?action=query&format=json&list=search&srsearch=Ferro+J.R.R.-TOLKIEN-IL-SILMARILLION&srprop=snippet&srlimit=3 (Caused by NewConnectionError('<urllib3.connection.HTTPSConnection object at 0x000001DB3DADB130>: Failed to establish a new connection: [Errno 11001] getaddrinfo failed'))
2025-03-02 04:26:01,298 - ERROR - Errore nella ricerca Wikipedia per Ilùvatar: HTTPSConnectionPool(host='it.wikipedia.org', port=443): Max retries exceeded with url: /w/api.php?action=query&format=json&list=search&srsearch=Il%C3%B9vatar+J.R.R.-TOLKIEN-IL-SILMARILLION&srprop=snippet&srlimit=3 (Caused by NewConnectionError('<urllib3.connection.HTTPSConnection object at 0x000001DB3DAD9C00>: Failed to establish a new connection: [Errno 11001] getaddrinfo failed'))
2025-03-02 04:26:26,755 - ERROR - Errore nella ricerca Wikipedia per Noldor: HTTPSConnectionPool(host='it.wikipedia.org', port=443): Max retries exceeded with url: /w/api.php?action=query&format=json&list=search&srsearch=Noldor+J.R.R.-TOLKIEN-IL-SILMARILLION&srprop=snippet&srlimit=3 (Caused by NewConnectionError('<urllib3.connection.HTTPSConnection object at 0x000001DB3DADB640>: Failed to establish a new connection: [Errno 11001] getaddrinfo failed'))
2025-03-02 05:49:06,532 - INFO - Creato dataset per fine-tuning BERT con 0 esempi
2025-03-02 05:49:06,532 - INFO - Dataset creato con 0 location confidenti, 958 incerte e 86 da rivedere manualmente.
2025-03-02 05:49:06,533 - INFO - PROCESSO COMPLETATO!
2025-03-02 05:49:06,533 - INFO - Risultati salvati in: output_locations
